---
source: crates/simplexpr/src/parser/lexer.rs
expression: "v!(\"foo ; bar\")"

---
(0, Ident("foo"), 3)
