---
source: crates/simplexpr/src/parser/mod.rs
expression: "p.parse(0, Lexer::new(0, 0, \"1 + (true ? 2 : 5) + 2\"))"

---
Ok(
    (("1" + ("true" ? "2" : "5")) + "2"),
)
