---
source: crates/simplexpr/src/parser/mod.rs
expression: "p.parse(0, Lexer::new(0, 0, \"foo.bar[2 + 2] * asdf[foo.bar]\"))"

---
Ok(
    (foo["bar"][("2" + "2")] * asdf[foo["bar"]]),
)
