---
source: crates/simplexpr/src/parser/mod.rs
expression: "p.parse(0, Lexer::new(0, 0, \"foo(1, 2)\"))"

---
Ok(
    foo("1", "2"),
)
