---
source: crates/simplexpr/src/parser/mod.rs
expression: "p.parse(0, Lexer::new(0, 0, \"\\\"foo\\\" + 12.4\"))"

---
Ok(
    ("foo" + "12.4"),
)
