---
source: src/lib.rs
expression: "p.parse(Lexer::new(\"hi[\\\"ho\\\"]\"))"

---
Ok(
    JsonAccess(
        VarRef(
            "hi",
        ),
        Literal(
            "ho",
        ),
    ),
)
