---
source: src/lib.rs
expression: "p.parse(Lexer::new(\"! false || ! true\"))"

---
Ok(
    (!"false" || !"true"),
)
