---
source: src/lib.rs
expression: "p.parse(Lexer::new(\"2 + 5\"))"

---
Ok(
    ("2" + "5"),
)
