---
source: crates/simplexpr/src/dynval.rs
expression: "DynVal::from(\"1s\").as_duration()"

---
Ok(
    1s,
)
