---
source: crates/yuck/src/parser/lexer.rs
expression: "v!(r#\"{ \" } ' }\" }\"#)"

---
(2, SimplExpr([(2, StringLit([(2, Literal(" } ' }"), 10)]), 10)]), 12)
