---
source: crates/yuck/src/parser/lexer.rs
expression: "v!(r#\"\"< \\\" >\"\"#)"

---
(0, SimplExpr([(0, StringLit([(0, Literal("< \" >"), 8)]), 8)]), 8)
