---
source: crates/yuck/src/parser/lexer.rs
expression: "v!(r#\"{ bla \"} \\\" }\" \" \\\" \"}\"#)"

---
(2, SimplExpr([(2, Ident("bla"), 5), (6, StringLit([(6, Literal("} \" }"), 14)]), 14), (15, StringLit([(15, Literal(" \" "), 21)]), 21)]), 22)
